// Jest Snapshot v1, https://goo.gl/fbAQLP

exports[`EmployerProfileScreen should render with snapshot 1`] = `
<View
  style={
    Object {
      "alignItems": "center",
      "backgroundColor": "#5F44BA",
      "flex": 1,
    }
  }
>
  <View
    style={
      Object {
        "flex": 1,
        "marginTop": "22%",
      }
    }
  >
    <Text
      style={
        Object {
          "color": "#fff",
          "fontSize": 36,
          "fontStyle": "normal",
          "fontWeight": "bold",
          "paddingLeft": "3.5%",
          "textAlign": "left",
        }
      }
    >
      Profile
    </Text>
    <View
      style={
        Object {
          "backgroundColor": "#fff",
          "borderRadius": 12,
          "height": 1334,
          "marginBottom": 0,
          "marginLeft": 0,
          "marginRight": 0,
          "marginTop": 10,
          "width": 750,
        }
      }
    >
      <RCTScrollView>
        <View>
          <View
            style={
              Object {
                "paddingLeft": "5%",
                "paddingTop": "2.5%",
              }
            }
          >
            <View>
              <View
                accessible={true}
                isTVSelectable={true}
                onResponderGrant={[Function]}
                onResponderMove={[Function]}
                onResponderRelease={[Function]}
                onResponderTerminate={[Function]}
                onResponderTerminationRequest={[Function]}
                onStartShouldSetResponder={[Function]}
                style={
                  Object {
                    "opacity": 1,
                  }
                }
              >
                <Text
                  style={
                    Object {
                      "color": "#000",
                      "fontSize": 30,
                      "fontStyle": "normal",
                      "fontWeight": "bold",
                      "paddingTop": "5%",
                      "textAlign": "left",
                    }
                  }
                >
                  Company Pictures
                </Text>
              </View>
              <View
                style={
                  Object {
                    "height": 0,
                    "overflow": "hidden",
                  }
                }
              >
                <View>
                  <Text>
                    accordion content
                  </Text>
                </View>
              </View>
            </View>
            <View>
              <View
                accessible={true}
                isTVSelectable={true}
                onResponderGrant={[Function]}
                onResponderMove={[Function]}
                onResponderRelease={[Function]}
                onResponderTerminate={[Function]}
                onResponderTerminationRequest={[Function]}
                onStartShouldSetResponder={[Function]}
                style={
                  Object {
                    "opacity": 1,
                  }
                }
              >
                <Text
                  style={
                    Object {
                      "color": "#000",
                      "fontSize": 30,
                      "fontStyle": "normal",
                      "fontWeight": "bold",
                      "paddingTop": "5%",
                      "textAlign": "left",
                    }
                  }
                >
                  About
                </Text>
              </View>
              <View
                style={
                  Object {
                    "height": 0,
                    "overflow": "hidden",
                  }
                }
              >
                <View>
                  <Text>
                    accordion content
                  </Text>
                </View>
              </View>
            </View>
            <View>
              <View
                accessible={true}
                isTVSelectable={true}
                onResponderGrant={[Function]}
                onResponderMove={[Function]}
                onResponderRelease={[Function]}
                onResponderTerminate={[Function]}
                onResponderTerminationRequest={[Function]}
                onStartShouldSetResponder={[Function]}
                style={
                  Object {
                    "opacity": 1,
                  }
                }
              >
                <Text
                  style={
                    Object {
                      "color": "#000",
                      "fontSize": 30,
                      "fontStyle": "normal",
                      "fontWeight": "bold",
                      "paddingTop": "5%",
                      "textAlign": "left",
                    }
                  }
                >
                  Technologies
                </Text>
              </View>
              <View
                style={
                  Object {
                    "height": 0,
                    "overflow": "hidden",
                  }
                }
              >
                <View>
                  <Text>
                    accordion content
                  </Text>
                </View>
              </View>
            </View>
          </View>
        </View>
      </RCTScrollView>
    </View>
  </View>
</View>
`;
